// Rstest Snapshot v1

exports[`Svelte > bundleless 1`] = `
{
  "<ROOT>/tests/integration/svelte/dist/bundleless/Button/Button.js": "import "svelte/internal/disclose-version";
import "svelte/internal/flags/legacy";
import "./style.css";
import "./Button.css";
import * as __rspack_external_svelte_internal_client_f8ec82ce from "svelte/internal/client";
var root = __rspack_external_svelte_internal_client_f8ec82ce.from_html('<p class="component button svelte-k8fa9w"></p>');
function Button($$anchor) {
    var p = root();
    p.textContent = 'Button!';
    __rspack_external_svelte_internal_client_f8ec82ce.append($$anchor, p);
}
export default Button;
",
  "<ROOT>/tests/integration/svelte/dist/bundleless/Button/index.js": "export { default } from "./Button.js";
",
  "<ROOT>/tests/integration/svelte/dist/bundleless/Card.js": "import "svelte/internal/disclose-version";
import "svelte/internal/flags/legacy";
import "./Card.css";
import * as __rspack_external_svelte_internal_client_f8ec82ce from "svelte/internal/client";
var root = __rspack_external_svelte_internal_client_f8ec82ce.from_html('<p class="component card svelte-lv9s7p"></p>');
function Card($$anchor) {
    var p = root();
    p.textContent = 'Card!';
    __rspack_external_svelte_internal_client_f8ec82ce.append($$anchor, p);
}
export default Card;
",
  "<ROOT>/tests/integration/svelte/dist/bundleless/index.js": "export { default as Button } from "./Button/index.js";
export { default as Card } from "./Card.js";
",
}
`;

exports[`Svelte > bundleless 2`] = `
{
  "<ROOT>/tests/integration/svelte/dist/bundleless/Button/Button.css": ".button.svelte-k8fa9w {
  font-weight: bold;
}

",
  "<ROOT>/tests/integration/svelte/dist/bundleless/Button/style.css": ".button.component {
  color: #428bca;
  border-radius: .5rem;
}

",
  "<ROOT>/tests/integration/svelte/dist/bundleless/Card.css": ".card.svelte-lv9s7p {
  color: red;
  font-weight: bold;
}

",
}
`;
