// Rstest Snapshot v1

exports[`JSX syntax should be preserved 1`] = `
""use strict";
var __webpack_require__ = {};
(()=>{
    __webpack_require__.d = (exports1, definition)=>{
        for(var key in definition)if (__webpack_require__.o(definition, key) && !__webpack_require__.o(exports1, key)) Object.defineProperty(exports1, key, {
            enumerable: true,
            get: definition[key]
        });
    };
})();
(()=>{
    __webpack_require__.o = (obj, prop)=>Object.prototype.hasOwnProperty.call(obj, prop);
})();
(()=>{
    __webpack_require__.r = (exports1)=>{
        if ('undefined' != typeof Symbol && Symbol.toStringTag) Object.defineProperty(exports1, Symbol.toStringTag, {
            value: 'Module'
        });
        Object.defineProperty(exports1, '__esModule', {
            value: true
        });
    };
})();
var __webpack_exports__ = {};
__webpack_require__.r(__webpack_exports__);
__webpack_require__.d(__webpack_exports__, {
    default: ()=>Root
});
const external_App1_cjs_namespaceObject = require("./App1.cjs");
const external_App2_cjs_namespaceObject = require("./App2.cjs");
const DynamicComponent = ()=>{
    const Component = Math.random() > 0.5 ? external_App1_cjs_namespaceObject.App1A : external_App1_cjs_namespaceObject.App1C;
    return import("./App1.cjs").then((mod)=>{
        const Dynamic = mod[Component === external_App1_cjs_namespaceObject.App1A ? 'App1A' : 'App1C'];
        return <Dynamic/>;
    });
};
const SectionWithSpread = (props)=><section {...props}/>;
const spreadChildren = [
    <span key="first">First</span>,
    <span key="second">Second</span>
];
function Root() {
    return <>
      <React.Fragment>
        <>
          <external_App1_cjs_namespaceObject.App1A/>
          <React.Suspense fallback={<div>Loading...</div>}>
            <DynamicComponent/>
          </React.Suspense>
        </>
      </React.Fragment>
      <external_App1_cjs_namespaceObject.App1C>
        {x ? <external_App1_cjs_namespaceObject.App1A>
            <external_App1_cjs_namespaceObject.App1B>
              <external_App2_cjs_namespaceObject.App2 props={external_App2_cjs_namespaceObject.app2Props}>
                <external_App1_cjs_namespaceObject.App1C props={external_App1_cjs_namespaceObject.app1cProps}/>
              </external_App2_cjs_namespaceObject.App2>
            </external_App1_cjs_namespaceObject.App1B>
          </external_App1_cjs_namespaceObject.App1A> : <external_App1_cjs_namespaceObject.App1B/>}
      </external_App1_cjs_namespaceObject.App1C>
      <external_App1_cjs_namespaceObject.App1C className="c"/>
      <external_App1_cjs_namespaceObject.App1C className="app1c"></external_App1_cjs_namespaceObject.App1C>
      <external_App1_cjs_namespaceObject.App1B/>
      <NamespaceComponents.Button label="Namespace button" {...{
        title: 'extra',
        ['data-role']: 'primary'
    }} data-count={3} icon={<external_App1_cjs_namespaceObject.App1A/>} fragmentContent={<>
            <span>Nested</span>
            <span>Fragment</span>
          </>}/>
      <div className="wrapper">
        {[
        <section key="namespace-import" data-index="0">
            <external_App1_cjs_namespaceObject.App data-dynamic="registry" data-item="one"/>
            <foo:bar value="namespaced"/>
            <svg:path d="M0,0 L10,10" xlink:href="#one"/>
            <span>{'item-one'.toUpperCase()}</span>
            {}
          </section>,
        <section key="legacy-widget" data-index="1">
            <external_App2_cjs_namespaceObject.App2 data-dynamic="registry" data-item="two" {...external_App2_cjs_namespaceObject.app2Props}/>
            app2
            <external_App2_cjs_namespaceObject.App2/>
            <foo:bar value="namespaced-two"/>
            <svg:path d="M10,10 L20,20" xlink:href="#two"/>
            <external_App1_cjs_namespaceObject.App1A/>
            {}
          </section>,
        <section key="external-app" data-index="2">
            <external_App1_cjs_namespaceObject.App1A data-dynamic="registry" data-item="fallback"/>
            <foo:bar value="namespaced-three"/>
            <svg:path d="M20,20 L30,30" xlink:href="#three"/>
            {(()=><NamespaceComponents.Button label="Inline child"/>)()}
            {}
          </section>
    ]}
        <group-container>{...spreadChildren}</group-container>
        <text-block dangerouslySetInnerHTML={{
        __html: '<strong>bold</strong>'
    }}/>
        <SectionWithSpread {...{
        'data-testid': 'component-with-spread',
        role: 'region'
    }}/>
      </div>
    </>;
}
exports["default"] = __webpack_exports__["default"];
for(var __webpack_i__ in __webpack_exports__)if (-1 === [
    "default"
].indexOf(__webpack_i__)) exports[__webpack_i__] = __webpack_exports__[__webpack_i__];
Object.defineProperty(exports, '__esModule', {
    value: true
});
"
`;

exports[`JSX syntax should be preserved 2`] = `
"import { App, App1A, App1B, App1C, app1cProps } from "./App1.js";
import { App2, app2Props } from "./App2.js";
const DynamicComponent = ()=>{
    const Component = Math.random() > 0.5 ? App1A : App1C;
    return import("./App1.js").then((mod)=>{
        const Dynamic = mod[Component === App1A ? 'App1A' : 'App1C'];
        return <Dynamic/>;
    });
};
const SectionWithSpread = (props)=><section {...props}/>;
const spreadChildren = [
    <span key="first">First</span>,
    <span key="second">Second</span>
];
function Root() {
    return <>
      <React.Fragment>
        <>
          <App1A/>
          <React.Suspense fallback={<div>Loading...</div>}>
            <DynamicComponent/>
          </React.Suspense>
        </>
      </React.Fragment>
      <App1C>
        {x ? <App1A>
            <App1B>
              <App2 props={app2Props}>
                <App1C props={app1cProps}/>
              </App2>
            </App1B>
          </App1A> : <App1B/>}
      </App1C>
      <App1C className="c"/>
      <App1C className="app1c"></App1C>
      <App1B/>
      <NamespaceComponents.Button label="Namespace button" {...{
        title: 'extra',
        ['data-role']: 'primary'
    }} data-count={3} icon={<App1A/>} fragmentContent={<>
            <span>Nested</span>
            <span>Fragment</span>
          </>}/>
      <div className="wrapper">
        {[
        <section key="namespace-import" data-index="0">
            <App data-dynamic="registry" data-item="one"/>
            <foo:bar value="namespaced"/>
            <svg:path d="M0,0 L10,10" xlink:href="#one"/>
            <span>{'item-one'.toUpperCase()}</span>
            {}
          </section>,
        <section key="legacy-widget" data-index="1">
            <App2 data-dynamic="registry" data-item="two" {...app2Props}/>
            app2
            <App2/>
            <foo:bar value="namespaced-two"/>
            <svg:path d="M10,10 L20,20" xlink:href="#two"/>
            <App1A/>
            {}
          </section>,
        <section key="external-app" data-index="2">
            <App1A data-dynamic="registry" data-item="fallback"/>
            <foo:bar value="namespaced-three"/>
            <svg:path d="M20,20 L30,30" xlink:href="#three"/>
            {(()=><NamespaceComponents.Button label="Inline child"/>)()}
            {}
          </section>
    ]}
        <group-container>{...spreadChildren}</group-container>
        <text-block dangerouslySetInnerHTML={{
        __html: '<strong>bold</strong>'
    }}/>
        <SectionWithSpread {...{
        'data-testid': 'component-with-spread',
        role: 'region'
    }}/>
      </div>
    </>;
}
export { Root as default };
"
`;

exports[`JSX syntax should be preserved 3`] = `
"import { App, App1A, App1B, App1C, app1cProps } from "./App1.jsx";
import { App2, app2Props } from "./App2.jsx";
const DynamicComponent = ()=>{
    const Component = Math.random() > 0.5 ? App1A : App1C;
    return import("./App1.jsx").then((mod)=>{
        const Dynamic = mod[Component === App1A ? 'App1A' : 'App1C'];
        return <Dynamic/>;
    });
};
const SectionWithSpread = (props)=><section {...props}/>;
const spreadChildren = [
    <span key="first">First</span>,
    <span key="second">Second</span>
];
function Root() {
    return <>
      <React.Fragment>
        <>
          <App1A/>
          <React.Suspense fallback={<div>Loading...</div>}>
            <DynamicComponent/>
          </React.Suspense>
        </>
      </React.Fragment>
      <App1C>
        {x ? <App1A>
            <App1B>
              <App2 props={app2Props}>
                <App1C props={app1cProps}/>
              </App2>
            </App1B>
          </App1A> : <App1B/>}
      </App1C>
      <App1C className="c"/>
      <App1C className="app1c"></App1C>
      <App1B/>
      <NamespaceComponents.Button label="Namespace button" {...{
        title: 'extra',
        ['data-role']: 'primary'
    }} data-count={3} icon={<App1A/>} fragmentContent={<>
            <span>Nested</span>
            <span>Fragment</span>
          </>}/>
      <div className="wrapper">
        {[
        <section key="namespace-import" data-index="0">
            <App data-dynamic="registry" data-item="one"/>
            <foo:bar value="namespaced"/>
            <svg:path d="M0,0 L10,10" xlink:href="#one"/>
            <span>{'item-one'.toUpperCase()}</span>
            {}
          </section>,
        <section key="legacy-widget" data-index="1">
            <App2 data-dynamic="registry" data-item="two" {...app2Props}/>
            app2
            <App2/>
            <foo:bar value="namespaced-two"/>
            <svg:path d="M10,10 L20,20" xlink:href="#two"/>
            <App1A/>
            {}
          </section>,
        <section key="external-app" data-index="2">
            <App1A data-dynamic="registry" data-item="fallback"/>
            <foo:bar value="namespaced-three"/>
            <svg:path d="M20,20 L30,30" xlink:href="#three"/>
            {(()=><NamespaceComponents.Button label="Inline child"/>)()}
            {}
          </section>
    ]}
        <group-container>{...spreadChildren}</group-container>
        <text-block dangerouslySetInnerHTML={{
        __html: '<strong>bold</strong>'
    }}/>
        <SectionWithSpread {...{
        'data-testid': 'component-with-spread',
        role: 'region'
    }}/>
      </div>
    </>;
}
export { Root as default };
"
`;
