// Vitest Snapshot v1, https://vitest.dev/guide/snapshot.html

exports[`source.alias 1`] = `
"console.info('hello world');
"
`;

exports[`source.alias 2`] = `
""use strict";
var __webpack_exports__ = {};
let a = 'hello world';
console.info('hello world');
var __webpack_export_target__ = exports;
for(var i in __webpack_exports__)__webpack_export_target__[i] = __webpack_exports__[i];
__webpack_exports__.__esModule && Object.defineProperty(__webpack_export_target__, '__esModule', {
    value: !0
});
"
`;
