// Rstest Snapshot v1

exports[`source.alias 1`] = `
"const a = 'hello world';
console.info(a);
"
`;

exports[`source.alias 2`] = `
""use strict";
var __webpack_exports__ = {};
const a = 'hello world';
console.info(a);
for(var __webpack_i__ in __webpack_exports__)exports[__webpack_i__] = __webpack_exports__[__webpack_i__];
Object.defineProperty(exports, '__esModule', {
    value: true
});
"
`;

exports[`source.alias 3`] = `
"import { a } from "./a.js";
console.info(a);
"
`;

exports[`source.alias 4`] = `
""use strict";
var __webpack_exports__ = {};
const external_a_cjs_namespaceObject = require("./a.cjs");
console.info(external_a_cjs_namespaceObject.a);
for(var __webpack_i__ in __webpack_exports__)exports[__webpack_i__] = __webpack_exports__[__webpack_i__];
Object.defineProperty(exports, '__esModule', {
    value: true
});
"
`;
