// Rstest Snapshot v1

exports[`should show build help 1`] = `
"Rslib v<version>

Usage:
  $ rslib build [options]

Options:
  -w, --watch               turn on watch mode, watch for changes and rebuild
  --entry <entry>           set entry file or pattern (repeatable) (default: )
  --dist-path <dir>         set output directory
  --bundle                  enable bundle mode (use --no-bundle to disable)
  --format <format>         specify the output format (esm | cjs | umd | mf | iife)
  --syntax <syntax>         set build syntax target (repeatable)
  --target <target>         set runtime target (web | node)
  --dts                     emit declaration files (use --no-dts to disable)
  --externals <pkg>         add package to externals (repeatable) (default: )
  --minify                  minify output (use --no-minify to disable)
  --clean                   clean output directory before build (use --no-clean to disable)
  --auto-extension          control automatic extension redirect (use --no-auto-extension to disable)
  --auto-external           control automatic dependency externalization (use --no-auto-external to disable)
  --tsconfig <path>         use specific tsconfig (relative to project root)
  -v, --version             Display version number
  -c, --config <config>     specify the configuration file, can be a relative or absolute path
  --config-loader <loader>  Set the config file loader (auto | jiti | native) (default: auto)
  -r, --root <root>         specify the project root directory, can be an absolute path or a path relative to cwd
  --env-mode <mode>         specify the env mode to load the \`.env.[mode]\` file
  --env-dir <dir>           specify the directory to load \`.env\` files
  --log-level <level>       set the log level (info | warn | error | silent)
  --lib <id>                specify the library (repeatable, e.g. --lib esm --lib cjs) (default: )
  --no-env                  Disable loading of \`.env\` files (default: true)
  -h, --help                Display this message"
`;

exports[`should show inspect help 1`] = `
"Rslib v<version>

Usage:
  $ rslib inspect [options]

Options:
  --output <output>         specify inspect content output path (default: .rsbuild)
  --verbose                 show full function definitions in output
  -c, --config <config>     specify the configuration file, can be a relative or absolute path
  --config-loader <loader>  Set the config file loader (auto | jiti | native) (default: auto)
  -r, --root <root>         specify the project root directory, can be an absolute path or a path relative to cwd
  --env-mode <mode>         specify the env mode to load the \`.env.[mode]\` file
  --env-dir <dir>           specify the directory to load \`.env\` files
  --log-level <level>       set the log level (info | warn | error | silent)
  --lib <id>                specify the library (repeatable, e.g. --lib esm --lib cjs) (default: )
  --no-env                  Disable loading of \`.env\` files (default: true)
  -h, --help                Display this message"
`;

exports[`should show mf-dev help 1`] = `
"Rslib v<version>

Usage:
  $ rslib mf-dev [options]

Options:
  -c, --config <config>     specify the configuration file, can be a relative or absolute path
  --config-loader <loader>  Set the config file loader (auto | jiti | native) (default: auto)
  -r, --root <root>         specify the project root directory, can be an absolute path or a path relative to cwd
  --env-mode <mode>         specify the env mode to load the \`.env.[mode]\` file
  --env-dir <dir>           specify the directory to load \`.env\` files
  --log-level <level>       set the log level (info | warn | error | silent)
  --lib <id>                specify the library (repeatable, e.g. --lib esm --lib cjs) (default: )
  --no-env                  Disable loading of \`.env\` files (default: true)
  -h, --help                Display this message"
`;

exports[`should show root help 1`] = `
"Rslib v<version>

Usage:
  $ rslib [command] [options]

Commands:
  build    build the library for production (default if no command is given)
  inspect  inspect the Rsbuild / Rspack configs of Rslib projects
  mf-dev   start Rsbuild dev server of Module Federation format

  For details on a sub-command, run:
  $ rslib <command> -h

Options:
  -w, --watch               turn on watch mode, watch for changes and rebuild
  --entry <entry>           set entry file or pattern (repeatable) (default: )
  --dist-path <dir>         set output directory
  --bundle                  enable bundle mode (use --no-bundle to disable)
  --format <format>         specify the output format (esm | cjs | umd | mf | iife)
  --syntax <syntax>         set build syntax target (repeatable)
  --target <target>         set runtime target (web | node)
  --dts                     emit declaration files (use --no-dts to disable)
  --externals <pkg>         add package to externals (repeatable) (default: )
  --minify                  minify output (use --no-minify to disable)
  --clean                   clean output directory before build (use --no-clean to disable)
  --auto-extension          control automatic extension redirect (use --no-auto-extension to disable)
  --auto-external           control automatic dependency externalization (use --no-auto-external to disable)
  --tsconfig <path>         use specific tsconfig (relative to project root)
  -v, --version             Display version number
  -c, --config <config>     specify the configuration file, can be a relative or absolute path
  --config-loader <loader>  Set the config file loader (auto | jiti | native) (default: auto)
  -r, --root <root>         specify the project root directory, can be an absolute path or a path relative to cwd
  --env-mode <mode>         specify the env mode to load the \`.env.[mode]\` file
  --env-dir <dir>           specify the directory to load \`.env\` files
  --log-level <level>       set the log level (info | warn | error | silent)
  --lib <id>                specify the library (repeatable, e.g. --lib esm --lib cjs) (default: )
  --no-env                  Disable loading of \`.env\` files (default: true)
  -h, --help                Display this message"
`;
