// Vitest Snapshot v1, https://vitest.dev/guide/snapshot.html

exports[`should downgrade class private method by default 1`] = `
"
;// CONCATENATED MODULE: ./e2e/cases/syntax/default/src/foo.ts
class Foo {
    constructor(){
        this.#bar();
    }
    #bar() {}
}


;// CONCATENATED MODULE: ./e2e/cases/syntax/default/src/index.ts


export { Foo };
"
`;
