// Rstest Snapshot v1

exports[`resolve.extensionAlias should work 1`] = `
""use strict";
var __rspack_context = {};
(function() {
    var makeNamespaceObject = (exports1)=>{
        if ("u" > typeof Symbol && Symbol.toStringTag) Object.defineProperty(exports1, Symbol.toStringTag, {
            value: 'Module'
        });
        Object.defineProperty(exports1, '__esModule', {
            value: true
        });
    };
    __rspack_context.N = makeNamespaceObject;
}).call(this);
var __rspack_exports = {};
__rspack_context.N(__rspack_exports);
console.log("foobar");
for(var __rspack_i in __rspack_exports)exports[__rspack_i] = __rspack_exports[__rspack_i];
Object.defineProperty(exports, '__esModule', {
    value: true
});
"
`;

exports[`resolve.extensionAlias should work 2`] = `
"console.log("foobar");
export { };
"
`;
