// Rstest Snapshot v1

exports[`resolve.extensionAlias should work 1`] = `
""use strict";
var __webpack_require__ = {};
(()=>{
    __webpack_require__.r = (exports1)=>{
        if ('undefined' != typeof Symbol && Symbol.toStringTag) Object.defineProperty(exports1, Symbol.toStringTag, {
            value: 'Module'
        });
        Object.defineProperty(exports1, '__esModule', {
            value: true
        });
    };
})();
var __webpack_exports__ = {};
__webpack_require__.r(__webpack_exports__);
console.log("foobar");
for(var __rspack_i in __webpack_exports__)exports[__rspack_i] = __webpack_exports__[__rspack_i];
Object.defineProperty(exports, '__esModule', {
    value: true
});
"
`;

exports[`resolve.extensionAlias should work 2`] = `
"console.log("foobar");
"
`;
